| time | in |load| out|
| 0+   |  0 |  0 |  0 |
| 1    |  0 |  0 |  0 |
| 1+   |  1 |  0 |  0 |
| 2    |  1 |  0 |  0 |
| 2+   |  1 |  1 |  0 |
| 3    |  1 |  1 |  1 |
| 3+   |  0 |  0 |  1 |
| 4    |  0 |  0 |  1 |
| 4+   |  0 |  1 |  1 |
| 5    |  0 |  1 |  0 |
| 5+   |  0 |  0 |  0 |
| 6    |  0 |  0 |  0 |
| 6+   |  1 |  0 |  0 |
| 7    |  1 |  0 |  0 |
| 7+   |  0 |  0 |  0 |
| 8    |  0 |  0 |  0 |
| 8+   |  1 |  1 |  0 |
| 9    |  1 |  1 |  1 |
| 9+   |  1 |  0 |  1 |
| 10   |  1 |  0 |  1 |
| 10+  |  1 |  1 |  1 |
| 11   |  1 |  1 |  1 |
| 11+  |  0 |  1 |  1 |
| 12   |  0 |  1 |  0 |
| 12+  |  0 |  0 |  0 |
| 13   |  0 |  0 |  0 |
