| time |      in        |load|     out        |
| 0+   |0000000000000000|  0 |0000000000000000|
| 1    |0000000000000000|  0 |0000000000000000|
| 1+   |1111111111111111|  0 |0000000000000000|
| 2    |1111111111111111|  0 |0000000000000000|
| 2+   |1111111111111111|  1 |0000000000000000|
| 3    |1111111111111111|  1 |1111111111111111|
| 3+   |0000000000000000|  0 |1111111111111111|
| 4    |0000000000000000|  0 |1111111111111111|
| 4+   |0000000000000000|  1 |1111111111111111|
| 5    |0000000000000000|  1 |0000000000000000|
| 5+   |0000000000000000|  0 |0000000000000000|
| 6    |0000000000000000|  0 |0000000000000000|
| 6+   |0101010101010101|  0 |0000000000000000|
| 7    |0101010101010101|  0 |0000000000000000|
| 7+   |0000000000000000|  0 |0000000000000000|
| 8    |0000000000000000|  0 |0000000000000000|
| 8+   |0101010101010101|  1 |0000000000000000|
| 9    |0101010101010101|  1 |0101010101010101|
| 9+   |0101010101010101|  0 |0101010101010101|
| 10   |0101010101010101|  0 |0101010101010101|
| 10+  |0101010101010101|  1 |0101010101010101|
| 11   |0101010101010101|  1 |0101010101010101|
| 11+  |1010101010101010|  1 |0101010101010101|
| 12   |1010101010101010|  1 |1010101010101010|
| 12+  |0000000000000000|  0 |1010101010101010|
| 13   |0000000000000000|  0 |1010101010101010|
